// Jest Snapshot v1, https://goo.gl/fbAQLP

exports[`renders without crashing 1`] = `
<div
  className="console-page"
>
  <div
    className="d-flex justify-content-center align-middle redeployment-toolbar"
  >
    <div
      className="redeployment-nav"
    >
      <span
        className="status-pill badge badge-pill badge-primary"
        style={
          Object {
            "backgroundColor": "grey",
          }
        }
      >
        <div
          className="text"
        >
          Loading
        </div>
        <i
          className="fas fa-question-circle fa-lg"
          onBlur={[Function]}
          onFocus={[Function]}
          onMouseOut={[Function]}
          onMouseOver={[Function]}
        />
      </span>
      <button
        className="float-right btn-disabled btn btn-primary btn-lg"
        disabled={true}
        onClick={[Function]}
        type="button"
      >
        <div
          className="button-text-layer"
        >
          Publish changes
        </div>
      </button>
    </div>
    <div
      className="toast-container"
    />
  </div>
  <div
    className="new-console-page-container"
  >
    <div
      className="new-console-page-content row"
    >
      <div
        className="container-fluid"
      >
        <div
          className="justify-content-center row"
        >
          <div
            className="col-md-3"
          >
            <div
              className="new-customization-menu accordion"
            >
              <div
                className="card"
              >
                <div
                  className="card-header"
                >
                  <div
                    className="card-header"
                    onClick={[Function]}
                    variant="link"
                  >
                    Theme
                  </div>
                </div>
                <div
                  aria-expanded={null}
                  className="collapse show"
                >
                  <div
                    className="card-body"
                  >
                    <div
                      className="flex-column nav card-header-undefined"
                      onKeyDown={[Function]}
                    >
                      <a
                        aria-current={null}
                        href="/console/theming/preview-and-colors"
                        onClick={[Function]}
                      >
                        Preview & colors
                      </a>
                      <a
                        aria-current={null}
                        href="/console/theming/logos"
                        onClick={[Function]}
                      >
                        Logos
                      </a>
                      <a
                        aria-current={null}
                        href="/console/theming/buttons"
                        onClick={[Function]}
                      >
                        Buttons
                      </a>
                      <a
                        aria-current={null}
                        href="/console/theming/navigation"
                        onClick={[Function]}
                      >
                        Navigation
                      </a>
                      <a
                        aria-current={null}
                        href="/console/theming/footer"
                        onClick={[Function]}
                      >
                        Footer
                      </a>
                      <a
                        aria-current={null}
                        href="/console/theming/hero"
                        onClick={[Function]}
                      >
                        Hero
                      </a>
                    </div>
                  </div>
                </div>
              </div>
              <div
                className="card"
              >
                <div
                  className="card-header"
                >
                  <div
                    className="card-header"
                    onClick={[Function]}
                    variant="link"
                  >
                    Custom Pages
                  </div>
                </div>
                <div
                  aria-expanded={null}
                  className="collapse"
                >
                  <div
                    className="card-body"
                  >
                    <div
                      className="flex-column nav card-header-undefined"
                      onKeyDown={[Function]}
                    >
                      <a
                        aria-current={null}
                        href="/console/custom-pages/about"
                        onClick={[Function]}
                      >
                        About
                      </a>
                      <a
                        aria-current={null}
                        href="/console/custom-pages/contact"
                        onClick={[Function]}
                      >
                        Contact
                      </a>
                      <a
                        aria-current={null}
                        href="/console/custom-pages/donate"
                        onClick={[Function]}
                      >
                        Donate
                      </a>
                      <a
                        aria-current={null}
                        href="/console/custom-pages/tos"
                        onClick={[Function]}
                      >
                        Terms of Service
                      </a>
                      <a
                        aria-current={null}
                        href="/console/custom-pages/honor"
                        onClick={[Function]}
                      >
                        Honor Code
                      </a>
                      <a
                        aria-current={null}
                        href="/console/custom-pages/privacy"
                        onClick={[Function]}
                      >
                        Privacy Policy
                      </a>
                    </div>
                  </div>
                </div>
              </div>
              <div
                className="card"
              >
                <div
                  className="card-header"
                >
                  <div
                    className="card-header"
                    onClick={[Function]}
                    variant="link"
                  >
                    Instance Settings
                  </div>
                </div>
                <div
                  aria-expanded={null}
                  className="collapse"
                >
                  <div
                    className="card-body"
                  >
                    <div
                      className="flex-column nav card-header-undefined"
                      onKeyDown={[Function]}
                    >
                      <a
                        aria-current={null}
                        href="/console/settings/general"
                        onClick={[Function]}
                      >
                        General
                      </a>
                      <a
                        aria-current={null}
                        href="/console/settings/domain"
                        onClick={[Function]}
                      >
                        Domain
                      </a>
                    </div>
                  </div>
                </div>
              </div>
              <div
                className="card"
              >
                <div
                  className="card-header"
                >
                  <div
                    className="card-header"
                    onClick={[Function]}
                    variant="link"
                  >
                    Courses (Studio)
                  </div>
                </div>
                <div
                  aria-expanded={null}
                  className="collapse"
                >
                  <div
                    className="card-body"
                  >
                    <div
                      className="flex-column nav card-header-undefined"
                      onKeyDown={[Function]}
                    >
                      <a
                        aria-current={null}
                        href="/console/courses/manage"
                        onClick={[Function]}
                      >
                        Manage
                      </a>
                    </div>
                  </div>
                </div>
              </div>
            </div>
          </div>
          <div
            className="col-md-7"
          >
            <div
              className="preview-box card"
            >
              <div
                className="domain-settings-container container"
              >
                <h2>
                  Domain Settings
                </h2>
                <div
                  className="row"
                >
                  <div
                    className="domain-settings-description col"
                  >
                    <p>
                      By default, your site is always accessible via an OpenCraft subdomain. Custom domains allow users to access your site via non-OpenCraft domain names. A custom domain increase your monthly OpenCraft bill by â‚¬25.
                    </p>
                  </div>
                </div>
                <div>
                  <ul
                    className="domain-list"
                  >
                    <li
                      className="list-item color-green"
                    >
                      <div
                        className="d-flex flex-wrap justify-content-between"
                      >
                        <div>
                          <div>
                            undefined.opencraft.hosting
                          </div>
                          <div
                            className="domain-type"
                          >
                            Default Subdomain
                          </div>
                        </div>
                      </div>
                    </li>
                  </ul>
                  <div>
                    <button
                      className="addBtn btn btn-primary btn-lg"
                      disabled={false}
                      onClick={[Function]}
                      type="button"
                    >
                      Add custom domain (â‚¬25/month)
                    </button>
                  </div>
                </div>
              </div>
            </div>
          </div>
        </div>
      </div>
    </div>
  </div>
</div>
`;
