// Jest Snapshot v1, https://goo.gl/fbAQLP

exports[`renders null when externalDomain in data 1`] = `null`;

exports[`renders without crashing 1`] = `null`;
