// Jest Snapshot v1, https://goo.gl/fbAQLP

exports[`Theme footer sidebar tests renders without crashing 1`] = `
<div
  className="console-page"
>
  <div
    className="d-flex justify-content-center align-middle email-activation-alert"
  >
    <i
      className="alert-icon fas fa-exclamation-triangle fa-xs"
    />
    One of your email addresses is pending confirmation. Please confirm it to begin managing your Open edX instance.
  </div>
  <div
    className="new-console-page-container"
  >
    <div
      className="new-console-page-content row"
    >
      <div
        className="container-fluid"
      >
        <div
          className="justify-content-center row"
        >
          <div
            className="col-md-3"
          >
            <button
              className="back-button btn btn-link btn-sm"
              disabled={false}
              onClick={[Function]}
              type="button"
            >
              <span>
                <i
                  aria-hidden="true"
                  className="fa fa-angle-left sm"
                />
              </span>
              <span>
                Back
              </span>
            </button>
            <div
              className="footer-settings"
            >
              <div
                className="customization-form"
              >
                <div
                  className="row"
                >
                  <div
                    className="col"
                  >
                    <h2>
                      Footer
                    </h2>
                  </div>
                </div>
                <div
                  className="row"
                >
                  <div
                    className="col"
                  >
                    <div
                      className="color-input form-group"
                    >
                      <label
                        className="form-label"
                      >
                        Footer background color
                      </label>
                      <div
                        className="row"
                      >
                        <input
                          className="input-field-color form-control"
                          disabled={false}
                          name="footerBg"
                          onClick={[Function]}
                          readOnly={true}
                          value="Not set"
                        />
                        <div
                          className="input-field-preview"
                          style={
                            Object {
                              "backgroundColor": undefined,
                            }
                          }
                        />
                        <button
                          className="reset-value padded"
                          onClick={[Function]}
                          type="button"
                        >
                          Reset
                        </button>
                      </div>
                    </div>
                  </div>
                </div>
                <div
                  className="row"
                >
                  <div
                    className="col"
                  >
                    <div
                      className="color-input form-group"
                    >
                      <label
                        className="form-label"
                      >
                        Footer text color
                      </label>
                      <div
                        className="row"
                      >
                        <input
                          className="input-field-color form-control"
                          disabled={false}
                          name="footerColor"
                          onClick={[Function]}
                          readOnly={true}
                          value="Not set"
                        />
                        <div
                          className="input-field-preview"
                          style={
                            Object {
                              "backgroundColor": undefined,
                            }
                          }
                        />
                        <button
                          className="reset-value padded"
                          onClick={[Function]}
                          type="button"
                        >
                          Reset
                        </button>
                      </div>
                    </div>
                  </div>
                </div>
                <div
                  className="row"
                >
                  <div
                    className="col"
                  >
                    <div
                      className="color-input form-group"
                    >
                      <label
                        className="form-label"
                      >
                        Footer link color
                      </label>
                      <div
                        className="row"
                      >
                        <input
                          className="input-field-color form-control"
                          disabled={false}
                          name="footerLinkColor"
                          onClick={[Function]}
                          readOnly={true}
                          value="Not set"
                        />
                        <div
                          className="input-field-preview"
                          style={
                            Object {
                              "backgroundColor": undefined,
                            }
                          }
                        />
                        <button
                          className="reset-value padded"
                          onClick={[Function]}
                          type="button"
                        >
                          Reset
                        </button>
                      </div>
                    </div>
                  </div>
                </div>
              </div>
            </div>
          </div>
          <div
            className="col-md-7"
          >
            <div
              className="preview-box card"
            />
          </div>
        </div>
      </div>
    </div>
  </div>
</div>
`;
